// Jest Snapshot v1, https://goo.gl/fbAQLP

exports[`NavBar component should perform correctly on initial run 1`] = `
<header
  className="head"
>
  <h1>
    Math Magician
  </h1>
  <nav>
    <a
      href="/"
      onClick={[Function]}
    >
      HomePage|
    </a>
    <a
      href="/calculator"
      onClick={[Function]}
    >
      Calculator
    </a>
    <a
      href="/quote"
      onClick={[Function]}
    >
      |Quotes
    </a>
  </nav>
</header>
`;

exports[`renders correctly 1`] = `
<section
  className="home-wrapper"
>
  <h2>
    Welcome To Our Page
  </h2>
  <div
    className="body-wrapper"
  >
    <p>
      Lorem, ipsum dolor sit amet consectetur adipisicing elit. Omnis, distinctio. Quae eos fugiat corrupti ex fugit, repudiandae deleniti illo quisquam, rem veritatis cupiditate maiores itaque eligendi possimus quaerat quis expedita Lorem, ipsum dolor sit amet consectetur adipisicing elit. Omnis, distinctio. Quae eos fugiat corrupti ex fugit, repudiandae deleniti illo quisquam, rem veritatis cupiditate maiores itaque eligendi possimus quaerat quis expedita! Lorem, ipsum dolor sit amet consectetur adipisicing elit. Omnis, distinctio. Quae eos fugiat corrupti ex fugit, repudiandae deleniti illo quisquam, rem veritatis cupiditate maiores itaque eligendi possimus quaerat quis expedita!!
    </p>
    <p>
      Lorem, ipsum dolor sit amet consectetur adipisicing elit. Omnis, distinctio. Quae eos fugiat corrupti ex fugit, repudiandae deleniti illo quisquam, rem veritatis cupiditate maiores itaque eligendi possimus quaerat quis expedita Lorem, ipsum dolor sit amet consectetur adipisicing elit. Omnis, distinctio. Quae eos fugiat corrupti ex fugit, repudiandae deleniti illo quisquam, rem veritatis cupiditate maiores itaque eligendi possimus quaerat quis expedita! Lorem, ipsum dolor sit amet consectetur adipisicing elit. Omnis, distinctio. Quae eos fugiat corrupti ex fugit, repudiandae deleniti illo quisquam, rem veritatis cupiditate maiores itaque eligendi possimus quaerat quis expedita!!
    </p>
  </div>
</section>
`;
