// Jest Snapshot v1, https://goo.gl/fbAQLP

exports[`renders correctly 1`] = `
<main>
  <div>
    <p>
      Mathematics is not about numbers, equations, computations or algorithms: It is about understanding.
    </p>
    <br />
    <p>
      - William Paul, Thurston
    </p>
  </div>
</main>
`;
